#
# There is insufficient memory for the Java Runtime Environment to continue.
# Native memory allocation (malloc) failed to allocate 1478064 bytes for Chunk::new
# Possible reasons:
#   The system is out of physical RAM or swap space
#   The process is running with CompressedOops enabled, and the Java Heap may be blocking the growth of the native heap
# Possible solutions:
#   Reduce memory load on the system
#   Increase physical memory or swap space
#   Check if swap backing store is full
#   Decrease Java heap size (-Xmx/-Xms)
#   Decrease number of Java threads
#   Decrease Java thread stack sizes (-Xss)
#   Set larger code cache with -XX:ReservedCodeCacheSize=
#   JVM is running with Unscaled Compressed Oops mode in which the Java heap is
#     placed in the first 4GB address space. The Java Heap base address is the
#     maximum limit for the native heap growth. Please use -XX:HeapBaseMinAddress
#     to set the Java Heap base and to place the Java Heap above 4GB virtual address.
# This output file may be truncated or incomplete.
#
#  Out of Memory Error (arena.cpp:189), pid=18044, tid=11456
#
# JRE version: Java(TM) SE Runtime Environment (17.0.12+8) (build 17.0.12+8-LTS-286)
# Java VM: Java HotSpot(TM) 64-Bit Server VM (17.0.12+8-LTS-286, mixed mode, sharing, tiered, compressed oops, compressed class ptrs, g1 gc, windows-amd64)
# No core dump will be written. Minidumps are not enabled by default on client versions of Windows
#

---------------  S U M M A R Y ------------

Command Line: -javaagent:C:\Program Files\JetBrains\IntelliJ IDEA Community Edition 2023.2.1\lib\idea_rt.jar=50560:C:\Program Files\JetBrains\IntelliJ IDEA Community Edition 2023.2.1\bin -Dfile.encoding=UTF-8 com.example.recommendation_api.RecommendationApiApplication -Dspring.profiles.active=dev -Dtest.swati.value=comingFromContainer

Host: Intel(R) Core(TM) i5-8265U CPU @ 1.60GHz, 8 cores, 7G,  Windows 11 , 64 bit Build 26100 (10.0.26100.8328)
Time: Wed May 20 13:14:42 2026 Eastern Daylight Time elapsed time: 6.059468 seconds (0d 0h 0m 6s)

---------------  T H R E A D  ---------------

Current thread (0x0000021512d09030):  JavaThread "C2 CompilerThread2" daemon [_thread_in_native, id=11456, stack(0x00000067f2e00000,0x00000067f2f00000)]


Current CompileTask:
C2:   6059 4590   !   4       org.springframework.core.annotation.AnnotationsScanner::processMethodHierarchy (276 bytes)

Stack: [0x00000067f2e00000,0x00000067f2f00000]
Native frames: (J=compiled Java code, j=interpreted, Vv=VM code, C=native code)
V  [jvm.dll+0x67a04a]
V  [jvm.dll+0x7da4ed]
V  [jvm.dll+0x7dbe33]
V  [jvm.dll+0x7dc4a3]
V  [jvm.dll+0x24508f]
V  [jvm.dll+0xab773]
V  [jvm.dll+0xabd3c]
V  [jvm.dll+0x361bee]
V  [jvm.dll+0x1ba64a]
V  [jvm.dll+0x216997]
V  [jvm.dll+0x215c6f]
V  [jvm.dll+0x1a2960]
V  [jvm.dll+0x22610b]
V  [jvm.dll+0x2242ab]
V  [jvm.dll+0x79075c]
V  [jvm.dll+0x78abea]
V  [jvm.dll+0x678f35]
C  [ucrtbase.dll+0x37b0]
C  [KERNEL32.DLL+0x2e957]
C  [ntdll.dll+0x427c]


---------------  P R O C E S S  ---------------

Threads class SMR info:
_java_thread_list=0x000002151351cf90, length=21, elements={
0x00000214ad34b850, 0x00000214cb3378e0, 0x00000214cb339010, 0x00000214cb34f010,
0x00000214cb34f9d0, 0x00000214cb350f00, 0x00000214cb352430, 0x00000214cb35bd50,
0x00000214cb36b8f0, 0x00000214cb37f200, 0x00000214cb588160, 0x00000214cb7ca9e0,
0x00000214cb7caec0, 0x0000021513062400, 0x00000215130619e0, 0x0000021513060090,
0x0000021513062910, 0x0000021513063330, 0x0000021513060ab0, 0x0000021512d08590,
0x0000021512d09030
}

Java Threads: ( => current thread )
  0x00000214ad34b850 JavaThread "main" [_thread_in_vm, id=3252, stack(0x00000067f1100000,0x00000067f1200000)]
  0x00000214cb3378e0 JavaThread "Reference Handler" daemon [_thread_blocked, id=10276, stack(0x00000067f1800000,0x00000067f1900000)]
  0x00000214cb339010 JavaThread "Finalizer" daemon [_thread_blocked, id=9988, stack(0x00000067f1900000,0x00000067f1a00000)]
  0x00000214cb34f010 JavaThread "Signal Dispatcher" daemon [_thread_blocked, id=13756, stack(0x00000067f1a00000,0x00000067f1b00000)]
  0x00000214cb34f9d0 JavaThread "Attach Listener" daemon [_thread_blocked, id=17320, stack(0x00000067f1b00000,0x00000067f1c00000)]
  0x00000214cb350f00 JavaThread "Service Thread" daemon [_thread_blocked, id=17440, stack(0x00000067f1c00000,0x00000067f1d00000)]
  0x00000214cb352430 JavaThread "Monitor Deflation Thread" daemon [_thread_blocked, id=4696, stack(0x00000067f1d00000,0x00000067f1e00000)]
  0x00000214cb35bd50 JavaThread "C2 CompilerThread0" daemon [_thread_in_native, id=18084, stack(0x00000067f1e00000,0x00000067f1f00000)]
  0x00000214cb36b8f0 JavaThread "C1 CompilerThread0" daemon [_thread_blocked, id=13688, stack(0x00000067f1f00000,0x00000067f2000000)]
  0x00000214cb37f200 JavaThread "Sweeper thread" daemon [_thread_blocked, id=16624, stack(0x00000067f2000000,0x00000067f2100000)]
  0x00000214cb588160 JavaThread "Common-Cleaner" daemon [_thread_blocked, id=13860, stack(0x00000067f2100000,0x00000067f2200000)]
  0x00000214cb7ca9e0 JavaThread "Monitor Ctrl-Break" daemon [_thread_in_native, id=18104, stack(0x00000067f2300000,0x00000067f2400000)]
  0x00000214cb7caec0 JavaThread "Notification Thread" daemon [_thread_blocked, id=13576, stack(0x00000067f2400000,0x00000067f2500000)]
  0x0000021513062400 JavaThread "Catalina-utility-1" [_thread_blocked, id=11772, stack(0x00000067f3000000,0x00000067f3100000)]
  0x00000215130619e0 JavaThread "Catalina-utility-2" [_thread_blocked, id=4276, stack(0x00000067f3100000,0x00000067f3200000)]
  0x0000021513060090 JavaThread "container-0" [_thread_blocked, id=13712, stack(0x00000067f3200000,0x00000067f3300000)]
  0x0000021513062910 JavaThread "PostgreSQL-JDBC-Cleaner" daemon [_thread_blocked, id=3988, stack(0x00000067f3400000,0x00000067f3500000)]
  0x0000021513063330 JavaThread "HikariPool-1 housekeeper" daemon [_thread_blocked, id=3952, stack(0x00000067f3500000,0x00000067f3600000)]
  0x0000021513060ab0 JavaThread "HikariPool-1 connection adder" daemon [_thread_blocked, id=8916, stack(0x00000067f3600000,0x00000067f3700000)]
  0x0000021512d08590 JavaThread "C2 CompilerThread1" daemon [_thread_in_native, id=11156, stack(0x00000067f2200000,0x00000067f2300000)]
=>0x0000021512d09030 JavaThread "C2 CompilerThread2" daemon [_thread_in_native, id=11456, stack(0x00000067f2e00000,0x00000067f2f00000)]

Other Threads:
  0x00000214cb3322c0 VMThread "VM Thread" [stack: 0x00000067f1700000,0x00000067f1800000] [id=13936]
  0x00000214ad3c4730 WatcherThread [stack: 0x00000067f2500000,0x00000067f2600000] [id=17524]
  0x00000214ad3a8340 GCTaskThread "GC Thread#0" [stack: 0x00000067f1200000,0x00000067f1300000] [id=4936]
  0x000002151176b060 GCTaskThread "GC Thread#1" [stack: 0x00000067f2600000,0x00000067f2700000] [id=7684]
  0x000002151176b320 GCTaskThread "GC Thread#2" [stack: 0x00000067f2700000,0x00000067f2800000] [id=14576]
  0x0000021511a95c10 GCTaskThread "GC Thread#3" [stack: 0x00000067f2800000,0x00000067f2900000] [id=7504]
  0x0000021511a95ed0 GCTaskThread "GC Thread#4" [stack: 0x00000067f2900000,0x00000067f2a00000] [id=336]
  0x0000021511a96190 GCTaskThread "GC Thread#5" [stack: 0x00000067f2a00000,0x00000067f2b00000] [id=17448]
  0x0000021511a3f5f0 GCTaskThread "GC Thread#6" [stack: 0x00000067f2c00000,0x00000067f2d00000] [id=5952]
  0x0000021511bc00e0 GCTaskThread "GC Thread#7" [stack: 0x00000067f2d00000,0x00000067f2e00000] [id=16404]
  0x00000214ad3b9ae0 ConcurrentGCThread "G1 Main Marker" [stack: 0x00000067f1300000,0x00000067f1400000] [id=17064]
  0x00000214ad3bb1c0 ConcurrentGCThread "G1 Conc#0" [stack: 0x00000067f1400000,0x00000067f1500000] [id=17328]
  0x0000021514002470 ConcurrentGCThread "G1 Conc#1" [stack: 0x00000067f2b00000,0x00000067f2c00000] [id=13952]
  0x00000214cb1f30e0 ConcurrentGCThread "G1 Refine#0" [stack: 0x00000067f1500000,0x00000067f1600000] [id=4092]
  0x00000215132e6020 ConcurrentGCThread "G1 Refine#1" [stack: 0x00000067f2f00000,0x00000067f3000000] [id=12292]
  0x00000214cb1f39b0 ConcurrentGCThread "G1 Service" [stack: 0x00000067f1600000,0x00000067f1700000] [id=10176]

Threads with active compile tasks:
C2 CompilerThread0     6084 4585       4       org.springframework.core.annotation.TypeMappedAnnotations::get (8 bytes)
C2 CompilerThread1     6084 4592       4       org.springframework.core.annotation.AnnotationsScanner::scan (21 bytes)
C2 CompilerThread2     6084 4590   !   4       org.springframework.core.annotation.AnnotationsScanner::processMethodHierarchy (276 bytes)

VM state: not at safepoint (normal execution)

VM Mutex/Monitor currently owned by a thread: None

Heap address: 0x0000000083e00000, size: 1986 MB, Compressed Oops mode: 32-bit

CDS archive(s) mapped at: [0x00000214cc000000-0x00000214ccbd0000-0x00000214ccbd0000), size 12386304, SharedBaseAddress: 0x00000214cc000000, ArchiveRelocationMode: 1.
Compressed class space mapped at: 0x00000214cd000000-0x000002150d000000, reserved size: 1073741824
Narrow klass base: 0x00000214cc000000, Narrow klass shift: 0, Narrow klass range: 0x100000000

GC Precious Log:
 CPUs: 8 total, 8 available
 Memory: 7937M
 Large Page Support: Disabled
 NUMA Support: Disabled
 Compressed Oops: Enabled (32-bit)
 Heap Region Size: 1M
 Heap Min Capacity: 8M
 Heap Initial Capacity: 126M
 Heap Max Capacity: 1986M
 Pre-touch: Disabled
 Parallel Workers: 8
 Concurrent Workers: 2
 Concurrent Refinement Workers: 8
 Periodic GC: Disabled

Heap:
 garbage-first heap   total 100352K, used 59520K [0x0000000083e00000, 0x0000000100000000)
  region size 1024K, 41 young (41984K), 2 survivors (2048K)
 Metaspace       used 54981K, committed 55424K, reserved 1114112K
  class space    used 7517K, committed 7744K, reserved 1048576K

Heap Regions: E=young(eden), S=young(survivor), O=old, HS=humongous(starts), HC=humongous(continues), CS=collection set, F=free, OA=open archive, CA=closed archive, TAMS=top-at-mark-start (previous, next)
|   0|0x0000000083e00000, 0x0000000083f00000, 0x0000000083f00000|100%|HS|  |TAMS 0x0000000083f00000, 0x0000000083e00000| Complete 
|   1|0x0000000083f00000, 0x0000000084000000, 0x0000000084000000|100%| O|  |TAMS 0x0000000084000000, 0x0000000083f00000| Untracked 
|   2|0x0000000084000000, 0x0000000084100000, 0x0000000084100000|100%| O|  |TAMS 0x0000000084100000, 0x0000000084000000| Untracked 
|   3|0x0000000084100000, 0x0000000084200000, 0x0000000084200000|100%| O|  |TAMS 0x0000000084200000, 0x0000000084100000| Untracked 
|   4|0x0000000084200000, 0x0000000084300000, 0x0000000084300000|100%| O|  |TAMS 0x0000000084300000, 0x0000000084200000| Untracked 
|   5|0x0000000084300000, 0x0000000084400000, 0x0000000084400000|100%| O|  |TAMS 0x0000000084400000, 0x0000000084300000| Untracked 
|   6|0x0000000084400000, 0x0000000084500000, 0x0000000084500000|100%| O|  |TAMS 0x0000000084400000, 0x0000000084400000| Untracked 
|   7|0x0000000084500000, 0x0000000084600000, 0x0000000084600000|100%| O|  |TAMS 0x0000000084600000, 0x0000000084500000| Untracked 
|   8|0x0000000084600000, 0x0000000084700000, 0x0000000084700000|100%| O|  |TAMS 0x0000000084700000, 0x0000000084600000| Untracked 
|   9|0x0000000084700000, 0x0000000084800000, 0x0000000084800000|100%| O|  |TAMS 0x0000000084800000, 0x0000000084700000| Untracked 
|  10|0x0000000084800000, 0x0000000084900000, 0x0000000084900000|100%| O|  |TAMS 0x0000000084900000, 0x0000000084800000| Untracked 
|  11|0x0000000084900000, 0x0000000084a00000, 0x0000000084a00000|100%| O|  |TAMS 0x0000000084a00000, 0x0000000084900000| Untracked 
|  12|0x0000000084a00000, 0x0000000084b00000, 0x0000000084b00000|100%| O|  |TAMS 0x0000000084b00000, 0x0000000084a00000| Untracked 
|  13|0x0000000084b00000, 0x0000000084c00000, 0x0000000084c00000|100%| O|  |TAMS 0x0000000084c00000, 0x0000000084b00000| Untracked 
|  14|0x0000000084c00000, 0x0000000084d00000, 0x0000000084d00000|100%| O|  |TAMS 0x0000000084d00000, 0x0000000084c00000| Untracked 
|  15|0x0000000084d00000, 0x0000000084e00000, 0x0000000084e00000|100%| O|  |TAMS 0x0000000084e00000, 0x0000000084d00000| Untracked 
|  16|0x0000000084e00000, 0x0000000084e00000, 0x0000000084f00000|  0%| F|  |TAMS 0x0000000084e00000, 0x0000000084e00000| Untracked 
|  17|0x0000000084f00000, 0x0000000085000000, 0x0000000085000000|100%| O|  |TAMS 0x0000000084f00000, 0x0000000084f00000| Untracked 
|  18|0x0000000085000000, 0x0000000085100000, 0x0000000085100000|100%| O|  |TAMS 0x0000000085000000, 0x0000000085000000| Untracked 
|  19|0x0000000085100000, 0x00000000851f4c00, 0x0000000085200000| 95%| O|  |TAMS 0x0000000085100000, 0x0000000085100000| Untracked 
|  20|0x0000000085200000, 0x0000000085200000, 0x0000000085300000|  0%| F|  |TAMS 0x0000000085200000, 0x0000000085200000| Untracked 
|  21|0x0000000085300000, 0x0000000085300000, 0x0000000085400000|  0%| F|  |TAMS 0x0000000085300000, 0x0000000085300000| Untracked 
|  22|0x0000000085400000, 0x0000000085400000, 0x0000000085500000|  0%| F|  |TAMS 0x0000000085400000, 0x0000000085400000| Untracked 
|  23|0x0000000085500000, 0x0000000085500000, 0x0000000085600000|  0%| F|  |TAMS 0x0000000085500000, 0x0000000085500000| Untracked 
|  24|0x0000000085600000, 0x0000000085600000, 0x0000000085700000|  0%| F|  |TAMS 0x0000000085600000, 0x0000000085600000| Untracked 
|  25|0x0000000085700000, 0x0000000085700000, 0x0000000085800000|  0%| F|  |TAMS 0x0000000085700000, 0x0000000085700000| Untracked 
|  26|0x0000000085800000, 0x0000000085800000, 0x0000000085900000|  0%| F|  |TAMS 0x0000000085800000, 0x0000000085800000| Untracked 
|  27|0x0000000085900000, 0x0000000085900000, 0x0000000085a00000|  0%| F|  |TAMS 0x0000000085900000, 0x0000000085900000| Untracked 
|  28|0x0000000085a00000, 0x0000000085a2b6e0, 0x0000000085b00000| 16%| S|CS|TAMS 0x0000000085a00000, 0x0000000085a00000| Complete 
|  29|0x0000000085b00000, 0x0000000085c00000, 0x0000000085c00000|100%| S|CS|TAMS 0x0000000085b00000, 0x0000000085b00000| Complete 
|  30|0x0000000085c00000, 0x0000000085c00000, 0x0000000085d00000|  0%| F|  |TAMS 0x0000000085c00000, 0x0000000085c00000| Untracked 
|  31|0x0000000085d00000, 0x0000000085d00000, 0x0000000085e00000|  0%| F|  |TAMS 0x0000000085d00000, 0x0000000085d00000| Untracked 
|  32|0x0000000085e00000, 0x0000000085e00000, 0x0000000085f00000|  0%| F|  |TAMS 0x0000000085e00000, 0x0000000085e00000| Untracked 
|  33|0x0000000085f00000, 0x0000000085f00000, 0x0000000086000000|  0%| F|  |TAMS 0x0000000085f00000, 0x0000000085f00000| Untracked 
|  34|0x0000000086000000, 0x0000000086000000, 0x0000000086100000|  0%| F|  |TAMS 0x0000000086000000, 0x0000000086000000| Untracked 
|  35|0x0000000086100000, 0x0000000086100000, 0x0000000086200000|  0%| F|  |TAMS 0x0000000086100000, 0x0000000086100000| Untracked 
|  36|0x0000000086200000, 0x0000000086200000, 0x0000000086300000|  0%| F|  |TAMS 0x0000000086200000, 0x0000000086200000| Untracked 
|  37|0x0000000086300000, 0x0000000086300000, 0x0000000086400000|  0%| F|  |TAMS 0x0000000086300000, 0x0000000086300000| Untracked 
|  38|0x0000000086400000, 0x0000000086400000, 0x0000000086500000|  0%| F|  |TAMS 0x0000000086400000, 0x0000000086400000| Untracked 
|  39|0x0000000086500000, 0x0000000086500000, 0x0000000086600000|  0%| F|  |TAMS 0x0000000086500000, 0x0000000086500000| Untracked 
|  40|0x0000000086600000, 0x0000000086600000, 0x0000000086700000|  0%| F|  |TAMS 0x0000000086600000, 0x0000000086600000| Untracked 
|  41|0x0000000086700000, 0x0000000086700000, 0x0000000086800000|  0%| F|  |TAMS 0x0000000086700000, 0x0000000086700000| Untracked 
|  42|0x0000000086800000, 0x0000000086800000, 0x0000000086900000|  0%| F|  |TAMS 0x0000000086800000, 0x0000000086800000| Untracked 
|  43|0x0000000086900000, 0x0000000086900000, 0x0000000086a00000|  0%| F|  |TAMS 0x0000000086900000, 0x0000000086900000| Untracked 
|  44|0x0000000086a00000, 0x0000000086a00000, 0x0000000086b00000|  0%| F|  |TAMS 0x0000000086a00000, 0x0000000086a00000| Untracked 
|  45|0x0000000086b00000, 0x0000000086b00000, 0x0000000086c00000|  0%| F|  |TAMS 0x0000000086b00000, 0x0000000086b00000| Untracked 
|  46|0x0000000086c00000, 0x0000000086c00000, 0x0000000086d00000|  0%| F|  |TAMS 0x0000000086c00000, 0x0000000086c00000| Untracked 
|  47|0x0000000086d00000, 0x0000000086d00000, 0x0000000086e00000|  0%| F|  |TAMS 0x0000000086d00000, 0x0000000086d00000| Untracked 
|  48|0x0000000086e00000, 0x0000000086e00000, 0x0000000086f00000|  0%| F|  |TAMS 0x0000000086e00000, 0x0000000086e00000| Untracked 
|  49|0x0000000086f00000, 0x0000000086f00000, 0x0000000087000000|  0%| F|  |TAMS 0x0000000086f00000, 0x0000000086f00000| Untracked 
|  50|0x0000000087000000, 0x0000000087000000, 0x0000000087100000|  0%| F|  |TAMS 0x0000000087000000, 0x0000000087000000| Untracked 
|  51|0x0000000087100000, 0x0000000087100000, 0x0000000087200000|  0%| F|  |TAMS 0x0000000087100000, 0x0000000087100000| Untracked 
|  52|0x0000000087200000, 0x0000000087200000, 0x0000000087300000|  0%| F|  |TAMS 0x0000000087200000, 0x0000000087200000| Untracked 
|  53|0x0000000087300000, 0x0000000087300000, 0x0000000087400000|  0%| F|  |TAMS 0x0000000087300000, 0x0000000087300000| Untracked 
|  54|0x0000000087400000, 0x0000000087400000, 0x0000000087500000|  0%| F|  |TAMS 0x0000000087400000, 0x0000000087400000| Untracked 
|  55|0x0000000087500000, 0x0000000087500000, 0x0000000087600000|  0%| F|  |TAMS 0x0000000087500000, 0x0000000087500000| Untracked 
|  56|0x0000000087600000, 0x0000000087600000, 0x0000000087700000|  0%| F|  |TAMS 0x0000000087600000, 0x0000000087600000| Untracked 
|  57|0x0000000087700000, 0x0000000087700000, 0x0000000087800000|  0%| F|  |TAMS 0x0000000087700000, 0x0000000087700000| Untracked 
|  58|0x0000000087800000, 0x0000000087800000, 0x0000000087900000|  0%| F|  |TAMS 0x0000000087800000, 0x0000000087800000| Untracked 
|  59|0x0000000087900000, 0x0000000087988a08, 0x0000000087a00000| 53%| E|  |TAMS 0x0000000087900000, 0x0000000087900000| Complete 
|  60|0x0000000087a00000, 0x0000000087b00000, 0x0000000087b00000|100%| E|CS|TAMS 0x0000000087a00000, 0x0000000087a00000| Complete 
|  61|0x0000000087b00000, 0x0000000087c00000, 0x0000000087c00000|100%| E|CS|TAMS 0x0000000087b00000, 0x0000000087b00000| Complete 
|  62|0x0000000087c00000, 0x0000000087d00000, 0x0000000087d00000|100%| E|CS|TAMS 0x0000000087c00000, 0x0000000087c00000| Complete 
|  63|0x0000000087d00000, 0x0000000087e00000, 0x0000000087e00000|100%| E|CS|TAMS 0x0000000087d00000, 0x0000000087d00000| Complete 
|  64|0x0000000087e00000, 0x0000000087f00000, 0x0000000087f00000|100%| E|CS|TAMS 0x0000000087e00000, 0x0000000087e00000| Complete 
|  65|0x0000000087f00000, 0x0000000088000000, 0x0000000088000000|100%| E|CS|TAMS 0x0000000087f00000, 0x0000000087f00000| Complete 
|  66|0x0000000088000000, 0x0000000088100000, 0x0000000088100000|100%| E|CS|TAMS 0x0000000088000000, 0x0000000088000000| Complete 
|  67|0x0000000088100000, 0x0000000088200000, 0x0000000088200000|100%| E|CS|TAMS 0x0000000088100000, 0x0000000088100000| Complete 
|  68|0x0000000088200000, 0x0000000088300000, 0x0000000088300000|100%| E|CS|TAMS 0x0000000088200000, 0x0000000088200000| Complete 
|  69|0x0000000088300000, 0x0000000088400000, 0x0000000088400000|100%| E|CS|TAMS 0x0000000088300000, 0x0000000088300000| Complete 
|  70|0x0000000088400000, 0x0000000088500000, 0x0000000088500000|100%| E|CS|TAMS 0x0000000088400000, 0x0000000088400000| Complete 
|  71|0x0000000088500000, 0x0000000088600000, 0x0000000088600000|100%| E|CS|TAMS 0x0000000088500000, 0x0000000088500000| Complete 
|  72|0x0000000088600000, 0x0000000088700000, 0x0000000088700000|100%| E|CS|TAMS 0x0000000088600000, 0x0000000088600000| Complete 
|  73|0x0000000088700000, 0x0000000088800000, 0x0000000088800000|100%| E|CS|TAMS 0x0000000088700000, 0x0000000088700000| Complete 
|  74|0x0000000088800000, 0x0000000088900000, 0x0000000088900000|100%| E|CS|TAMS 0x0000000088800000, 0x0000000088800000| Complete 
|  75|0x0000000088900000, 0x0000000088a00000, 0x0000000088a00000|100%| E|CS|TAMS 0x0000000088900000, 0x0000000088900000| Complete 
|  76|0x0000000088a00000, 0x0000000088b00000, 0x0000000088b00000|100%| E|CS|TAMS 0x0000000088a00000, 0x0000000088a00000| Complete 
|  77|0x0000000088b00000, 0x0000000088c00000, 0x0000000088c00000|100%| E|CS|TAMS 0x0000000088b00000, 0x0000000088b00000| Complete 
|  78|0x0000000088c00000, 0x0000000088d00000, 0x0000000088d00000|100%| E|CS|TAMS 0x0000000088c00000, 0x0000000088c00000| Complete 
|  79|0x0000000088d00000, 0x0000000088e00000, 0x0000000088e00000|100%| E|CS|TAMS 0x0000000088d00000, 0x0000000088d00000| Complete 
|  80|0x0000000088e00000, 0x0000000088f00000, 0x0000000088f00000|100%| E|CS|TAMS 0x0000000088e00000, 0x0000000088e00000| Complete 
|  81|0x0000000088f00000, 0x0000000089000000, 0x0000000089000000|100%| E|CS|TAMS 0x0000000088f00000, 0x0000000088f00000| Complete 
|  82|0x0000000089000000, 0x0000000089100000, 0x0000000089100000|100%| E|CS|TAMS 0x0000000089000000, 0x0000000089000000| Complete 
|  83|0x0000000089100000, 0x0000000089200000, 0x0000000089200000|100%| E|CS|TAMS 0x0000000089100000, 0x0000000089100000| Complete 
|  84|0x0000000089200000, 0x0000000089300000, 0x0000000089300000|100%| E|CS|TAMS 0x0000000089200000, 0x0000000089200000| Complete 
|  85|0x0000000089300000, 0x0000000089400000, 0x0000000089400000|100%| E|CS|TAMS 0x0000000089300000, 0x0000000089300000| Complete 
|  86|0x0000000089400000, 0x0000000089500000, 0x0000000089500000|100%| E|CS|TAMS 0x0000000089400000, 0x0000000089400000| Complete 
|  87|0x0000000089500000, 0x0000000089600000, 0x0000000089600000|100%| E|CS|TAMS 0x0000000089500000, 0x0000000089500000| Complete 
|  88|0x0000000089600000, 0x0000000089700000, 0x0000000089700000|100%| E|CS|TAMS 0x0000000089600000, 0x0000000089600000| Complete 
|  89|0x0000000089700000, 0x0000000089800000, 0x0000000089800000|100%| E|CS|TAMS 0x0000000089700000, 0x0000000089700000| Complete 
|  90|0x0000000089800000, 0x0000000089900000, 0x0000000089900000|100%| E|CS|TAMS 0x0000000089800000, 0x0000000089800000| Complete 
|  91|0x0000000089900000, 0x0000000089a00000, 0x0000000089a00000|100%| E|CS|TAMS 0x0000000089900000, 0x0000000089900000| Complete 
|  92|0x0000000089a00000, 0x0000000089b00000, 0x0000000089b00000|100%| E|CS|TAMS 0x0000000089a00000, 0x0000000089a00000| Complete 
|  93|0x0000000089b00000, 0x0000000089c00000, 0x0000000089c00000|100%| E|CS|TAMS 0x0000000089b00000, 0x0000000089b00000| Complete 
|  94|0x0000000089c00000, 0x0000000089d00000, 0x0000000089d00000|100%| E|CS|TAMS 0x0000000089c00000, 0x0000000089c00000| Complete 
|  95|0x0000000089d00000, 0x0000000089e00000, 0x0000000089e00000|100%| E|CS|TAMS 0x0000000089d00000, 0x0000000089d00000| Complete 
|  96|0x0000000089e00000, 0x0000000089f00000, 0x0000000089f00000|100%| E|CS|TAMS 0x0000000089e00000, 0x0000000089e00000| Complete 
| 125|0x000000008bb00000, 0x000000008bc00000, 0x000000008bc00000|100%| E|CS|TAMS 0x000000008bb00000, 0x000000008bb00000| Complete 

Card table byte_map: [0x00000214c4330000,0x00000214c4720000] _byte_map_base: 0x00000214c3f11000

Marking Bits (Prev, Next): (CMBitMap*) 0x00000214ad3a9970, (CMBitMap*) 0x00000214ad3a99b0
 Prev Bits: [0x00000214c4b10000, 0x00000214c6a18000)
 Next Bits: [0x00000214c6a20000, 0x00000214c8928000)

Polling page: 0x00000214ab290000

Metaspace:

Usage:
  Non-class:     46.38 MB used.
      Class:      7.34 MB used.
       Both:     53.73 MB used.

Virtual space:
  Non-class space:       64.00 MB reserved,      46.62 MB ( 73%) committed,  1 nodes.
      Class space:        1.00 GB reserved,       7.56 MB ( <1%) committed,  1 nodes.
             Both:        1.06 GB reserved,      54.19 MB (  5%) committed. 

Chunk freelists:
   Non-Class:  1.34 MB
       Class:  8.25 MB
        Both:  9.60 MB

MaxMetaspaceSize: unlimited
CompressedClassSpaceSize: 1.00 GB
Initial GC threshold: 21.00 MB
Current GC threshold: 58.88 MB
CDS: on
MetaspaceReclaimPolicy: balanced
 - commit_granule_bytes: 65536.
 - commit_granule_words: 8192.
 - virtual_space_node_default_size: 8388608.
 - enlarge_chunks_in_place: 1.
 - new_chunks_are_fully_committed: 0.
 - uncommit_free_chunks: 1.
 - use_allocation_guard: 0.
 - handle_deallocations: 1.


Internal statistics:

num_allocs_failed_limit: 6.
num_arena_births: 648.
num_arena_deaths: 0.
num_vsnodes_births: 2.
num_vsnodes_deaths: 0.
num_space_committed: 867.
num_space_uncommitted: 0.
num_chunks_returned_to_freelist: 6.
num_chunks_taken_from_freelist: 2669.
num_chunk_merges: 6.
num_chunk_splits: 1925.
num_chunks_enlarged: 1516.
num_inconsistent_stats: 0.

CodeHeap 'non-profiled nmethods': size=120000Kb used=2699Kb max_used=3316Kb free=117300Kb
 bounds [0x00000214bc6d0000, 0x00000214bca10000, 0x00000214c3c00000]
CodeHeap 'profiled nmethods': size=120000Kb used=7421Kb max_used=9671Kb free=112578Kb
 bounds [0x00000214b4c00000, 0x00000214b5580000, 0x00000214bc130000]
CodeHeap 'non-nmethods': size=5760Kb used=1298Kb max_used=1353Kb free=4461Kb
 bounds [0x00000214bc130000, 0x00000214bc3a0000, 0x00000214bc6d0000]
 total_blobs=4507 nmethods=3884 adapters=535
 compilation: enabled
              stopped_count=0, restarted_count=0
 full_count=0

Compilation events (20 events):
Event: 6.007 Thread 0x00000214cb36b8f0 4643       3       java.util.Spliterators::spliteratorUnknownSize (16 bytes)
Event: 6.007 Thread 0x00000214cb36b8f0 nmethod 4643 0x00000214b4ca3a90 code [0x00000214b4ca3c60, 0x00000214b4ca4188]
Event: 6.007 Thread 0x00000214cb36b8f0 4644       3       java.util.Spliterators$IteratorSpliterator::<init> (31 bytes)
Event: 6.007 Thread 0x00000214cb36b8f0 nmethod 4644 0x00000214b4d16190 code [0x00000214b4d16320, 0x00000214b4d16538]
Event: 6.007 Thread 0x00000214cb36b8f0 4645       3       java.util.stream.MatchOps$1MatchSink::accept (44 bytes)
Event: 6.007 Thread 0x00000214cb36b8f0 nmethod 4645 0x00000214b4ca9010 code [0x00000214b4ca91c0, 0x00000214b4ca9428]
Event: 6.009 Thread 0x00000214cb36b8f0 4647       3       java.util.HashMap::put (13 bytes)
Event: 6.009 Thread 0x00000214cb36b8f0 nmethod 4647 0x00000214b4d5bc10 code [0x00000214b4d5bdc0, 0x00000214b4d5c0b8]
Event: 6.010 Thread 0x00000214cb36b8f0 4648       3       org.springframework.core.annotation.AnnotatedElementUtils::findMergedAnnotation (59 bytes)
Event: 6.011 Thread 0x00000214cb36b8f0 nmethod 4648 0x00000214b4c05510 code [0x00000214b4c05820, 0x00000214b4c06b28]
Event: 6.025 Thread 0x00000214cb36b8f0 4650       3       java.util.Formatter$Flags::contains (22 bytes)
Event: 6.025 Thread 0x00000214cb36b8f0 nmethod 4650 0x00000214b4d44610 code [0x00000214b4d447a0, 0x00000214b4d44958]
Event: 6.025 Thread 0x00000214cb36b8f0 4649       1       java.util.Formatter$FormatSpecifier::index (5 bytes)
Event: 6.025 Thread 0x00000214cb36b8f0 nmethod 4649 0x00000214bc6eaf90 code [0x00000214bc6eb120, 0x00000214bc6eb1f8]
Event: 6.026 Thread 0x00000214cb36b8f0 4651       3       java.util.stream.AbstractPipeline::exactOutputSizeIfKnown (86 bytes)
Event: 6.026 Thread 0x00000214cb36b8f0 nmethod 4651 0x00000214b4df3f90 code [0x00000214b4df4180, 0x00000214b4df4828]
Event: 6.044 Thread 0x00000214cb36b8f0 4652       1       java.lang.reflect.ProxyGenerator::getClassLoader (5 bytes)
Event: 6.044 Thread 0x00000214cb36b8f0 nmethod 4652 0x00000214bc722f10 code [0x00000214bc7230a0, 0x00000214bc723178]
Event: 6.056 Thread 0x00000214cb36b8f0 4653       3       java.lang.invoke.LambdaFormEditor$TransformKey::packedBytes (39 bytes)
Event: 6.056 Thread 0x00000214cb36b8f0 nmethod 4653 0x00000214b4d36e90 code [0x00000214b4d37020, 0x00000214b4d37138]

GC Heap History (20 events):
Event: 1.262 GC heap before
{Heap before GC invocations=1 (full 0):
 garbage-first heap   total 129024K, used 34814K [0x0000000083e00000, 0x0000000100000000)
  region size 1024K, 31 young (31744K), 3 survivors (3072K)
 Metaspace       used 13638K, committed 13824K, reserved 1114112K
  class space    used 1658K, committed 1728K, reserved 1048576K
}
Event: 1.268 GC heap after
{Heap after GC invocations=2 (full 0):
 garbage-first heap   total 129024K, used 9246K [0x0000000083e00000, 0x0000000100000000)
  region size 1024K, 3 young (3072K), 3 survivors (3072K)
 Metaspace       used 13638K, committed 13824K, reserved 1114112K
  class space    used 1658K, committed 1728K, reserved 1048576K
}
Event: 2.453 GC heap before
{Heap before GC invocations=2 (full 0):
 garbage-first heap   total 129024K, used 59422K [0x0000000083e00000, 0x0000000100000000)
  region size 1024K, 53 young (54272K), 3 survivors (3072K)
 Metaspace       used 21233K, committed 21504K, reserved 1114112K
  class space    used 2600K, committed 2752K, reserved 1048576K
}
Event: 2.462 GC heap after
{Heap after GC invocations=3 (full 0):
 garbage-first heap   total 129024K, used 13648K [0x0000000083e00000, 0x0000000100000000)
  region size 1024K, 7 young (7168K), 7 survivors (7168K)
 Metaspace       used 21233K, committed 21504K, reserved 1114112K
  class space    used 2600K, committed 2752K, reserved 1048576K
}
Event: 3.060 GC heap before
{Heap before GC invocations=4 (full 0):
 garbage-first heap   total 51200K, used 37200K [0x0000000083e00000, 0x0000000100000000)
  region size 1024K, 30 young (30720K), 7 survivors (7168K)
 Metaspace       used 25341K, committed 25728K, reserved 1114112K
  class space    used 3203K, committed 3392K, reserved 1048576K
}
Event: 3.070 GC heap after
{Heap after GC invocations=5 (full 0):
 garbage-first heap   total 51200K, used 16187K [0x0000000083e00000, 0x0000000100000000)
  region size 1024K, 3 young (3072K), 3 survivors (3072K)
 Metaspace       used 25341K, committed 25728K, reserved 1114112K
  class space    used 3203K, committed 3392K, reserved 1048576K
}
Event: 3.094 GC heap before
{Heap before GC invocations=5 (full 0):
 garbage-first heap   total 51200K, used 17211K [0x0000000083e00000, 0x0000000100000000)
  region size 1024K, 4 young (4096K), 3 survivors (3072K)
 Metaspace       used 25493K, committed 25920K, reserved 1114112K
  class space    used 3233K, committed 3456K, reserved 1048576K
}
Event: 3.099 GC heap after
{Heap after GC invocations=6 (full 0):
 garbage-first heap   total 51200K, used 16441K [0x0000000083e00000, 0x0000000100000000)
  region size 1024K, 1 young (1024K), 1 survivors (1024K)
 Metaspace       used 25493K, committed 25920K, reserved 1114112K
  class space    used 3233K, committed 3456K, reserved 1048576K
}
Event: 3.529 GC heap before
{Heap before GC invocations=6 (full 0):
 garbage-first heap   total 51200K, used 35897K [0x0000000083e00000, 0x0000000100000000)
  region size 1024K, 20 young (20480K), 1 survivors (1024K)
 Metaspace       used 29307K, committed 29760K, reserved 1114112K
  class space    used 3725K, committed 3968K, reserved 1048576K
}
Event: 3.532 GC heap after
{Heap after GC invocations=7 (full 0):
 garbage-first heap   total 51200K, used 17567K [0x0000000083e00000, 0x0000000100000000)
  region size 1024K, 2 young (2048K), 2 survivors (2048K)
 Metaspace       used 29307K, committed 29760K, reserved 1114112K
  class space    used 3725K, committed 3968K, reserved 1048576K
}
Event: 4.064 GC heap before
{Heap before GC invocations=7 (full 0):
 garbage-first heap   total 51200K, used 37023K [0x0000000083e00000, 0x0000000100000000)
  region size 1024K, 21 young (21504K), 2 survivors (2048K)
 Metaspace       used 33923K, committed 34368K, reserved 1114112K
  class space    used 4393K, committed 4608K, reserved 1048576K
}
Event: 4.067 GC heap after
{Heap after GC invocations=8 (full 0):
 garbage-first heap   total 51200K, used 18482K [0x0000000083e00000, 0x0000000100000000)
  region size 1024K, 3 young (3072K), 3 survivors (3072K)
 Metaspace       used 33923K, committed 34368K, reserved 1114112K
  class space    used 4393K, committed 4608K, reserved 1048576K
}
Event: 4.234 GC heap before
{Heap before GC invocations=8 (full 0):
 garbage-first heap   total 51200K, used 25650K [0x0000000083e00000, 0x0000000100000000)
  region size 1024K, 11 young (11264K), 3 survivors (3072K)
 Metaspace       used 35557K, committed 35968K, reserved 1114112K
  class space    used 4689K, committed 4928K, reserved 1048576K
}
Event: 4.236 GC heap after
{Heap after GC invocations=9 (full 0):
 garbage-first heap   total 51200K, used 18933K [0x0000000083e00000, 0x0000000100000000)
  region size 1024K, 2 young (2048K), 2 survivors (2048K)
 Metaspace       used 35557K, committed 35968K, reserved 1114112K
  class space    used 4689K, committed 4928K, reserved 1048576K
}
Event: 4.813 GC heap before
{Heap before GC invocations=10 (full 0):
 garbage-first heap   total 51200K, used 38389K [0x0000000083e00000, 0x0000000100000000)
  region size 1024K, 21 young (21504K), 2 survivors (2048K)
 Metaspace       used 40939K, committed 41344K, reserved 1114112K
  class space    used 5403K, committed 5568K, reserved 1048576K
}
Event: 4.815 GC heap after
{Heap after GC invocations=11 (full 0):
 garbage-first heap   total 51200K, used 20054K [0x0000000083e00000, 0x0000000100000000)
  region size 1024K, 3 young (3072K), 3 survivors (3072K)
 Metaspace       used 40939K, committed 41344K, reserved 1114112K
  class space    used 5403K, committed 5568K, reserved 1048576K
}
Event: 4.832 GC heap before
{Heap before GC invocations=11 (full 0):
 garbage-first heap   total 51200K, used 20054K [0x0000000083e00000, 0x0000000100000000)
  region size 1024K, 4 young (4096K), 3 survivors (3072K)
 Metaspace       used 41165K, committed 41664K, reserved 1114112K
  class space    used 5428K, committed 5632K, reserved 1048576K
}
Event: 4.835 GC heap after
{Heap after GC invocations=12 (full 0):
 garbage-first heap   total 51200K, used 19874K [0x0000000083e00000, 0x0000000100000000)
  region size 1024K, 1 young (1024K), 1 survivors (1024K)
 Metaspace       used 41165K, committed 41664K, reserved 1114112K
  class space    used 5428K, committed 5632K, reserved 1048576K
}
Event: 5.234 GC heap before
{Heap before GC invocations=12 (full 0):
 garbage-first heap   total 51200K, used 38306K [0x0000000083e00000, 0x0000000100000000)
  region size 1024K, 20 young (20480K), 1 survivors (1024K)
 Metaspace       used 46565K, committed 47104K, reserved 1114112K
  class space    used 6198K, committed 6464K, reserved 1048576K
}
Event: 5.236 GC heap after
{Heap after GC invocations=13 (full 0):
 garbage-first heap   total 100352K, used 20608K [0x0000000083e00000, 0x0000000100000000)
  region size 1024K, 2 young (2048K), 2 survivors (2048K)
 Metaspace       used 46565K, committed 47104K, reserved 1114112K
  class space    used 6198K, committed 6464K, reserved 1048576K
}

Deoptimization events (20 events):
Event: 5.949 Thread 0x00000214ad34b850 Uncommon trap: trap_request=0xffffffde fr.pc=0x00000214bc7ce588 relative=0x00000000000000e8
Event: 5.949 Thread 0x00000214ad34b850 Uncommon trap: reason=class_check action=maybe_recompile pc=0x00000214bc7ce588 method=org.springframework.util.ConcurrentReferenceHashMap.get(Ljava/lang/Object;)Ljava/lang/Object; @ 14 c2
Event: 5.949 Thread 0x00000214ad34b850 DEOPT PACKING pc=0x00000214bc7ce588 sp=0x00000067f11fd150
Event: 5.949 Thread 0x00000214ad34b850 DEOPT UNPACKING pc=0x00000214bc1823a3 sp=0x00000067f11fd0f0 mode 2
Event: 5.950 Thread 0x00000214ad34b850 Uncommon trap: trap_request=0xffffffde fr.pc=0x00000214bc8b7f44 relative=0x00000000000009e4
Event: 5.951 Thread 0x00000214ad34b850 Uncommon trap: reason=class_check action=maybe_recompile pc=0x00000214bc8b7f44 method=org.springframework.util.ConcurrentReferenceHashMap$Segment.findInChain(Lorg/springframework/util/ConcurrentReferenceHashMap$Reference;Ljava/lang/Object;I)Lorg/springfra
Event: 5.951 Thread 0x00000214ad34b850 DEOPT PACKING pc=0x00000214bc8b7f44 sp=0x00000067f11fd010
Event: 5.951 Thread 0x00000214ad34b850 DEOPT UNPACKING pc=0x00000214bc1823a3 sp=0x00000067f11fcf58 mode 2
Event: 5.951 Thread 0x00000214ad34b850 Uncommon trap: trap_request=0xffffffde fr.pc=0x00000214bc8b97e0 relative=0x0000000000000520
Event: 5.951 Thread 0x00000214ad34b850 Uncommon trap: reason=class_check action=maybe_recompile pc=0x00000214bc8b97e0 method=org.springframework.util.ConcurrentReferenceHashMap$Segment.findInChain(Lorg/springframework/util/ConcurrentReferenceHashMap$Reference;Ljava/lang/Object;I)Lorg/springfra
Event: 5.951 Thread 0x00000214ad34b850 DEOPT PACKING pc=0x00000214bc8b97e0 sp=0x00000067f11fcf90
Event: 5.951 Thread 0x00000214ad34b850 DEOPT UNPACKING pc=0x00000214bc1823a3 sp=0x00000067f11fcf58 mode 2
Event: 6.007 Thread 0x00000214ad34b850 Uncommon trap: trap_request=0xffffff45 fr.pc=0x00000214bc8069d0 relative=0x0000000000000f50
Event: 6.007 Thread 0x00000214ad34b850 Uncommon trap: reason=unstable_if action=reinterpret pc=0x00000214bc8069d0 method=java.util.HashMap.putVal(ILjava/lang/Object;Ljava/lang/Object;ZZ)Ljava/lang/Object; @ 206 c2
Event: 6.007 Thread 0x00000214ad34b850 DEOPT PACKING pc=0x00000214bc8069d0 sp=0x00000067f11fd370
Event: 6.007 Thread 0x00000214ad34b850 DEOPT UNPACKING pc=0x00000214bc1823a3 sp=0x00000067f11fd298 mode 2
Event: 6.007 Thread 0x00000214ad34b850 Uncommon trap: trap_request=0xffffff45 fr.pc=0x00000214bc811174 relative=0x0000000000000e94
Event: 6.007 Thread 0x00000214ad34b850 Uncommon trap: reason=unstable_if action=reinterpret pc=0x00000214bc811174 method=java.util.HashMap.putVal(ILjava/lang/Object;Ljava/lang/Object;ZZ)Ljava/lang/Object; @ 206 c2
Event: 6.007 Thread 0x00000214ad34b850 DEOPT PACKING pc=0x00000214bc811174 sp=0x00000067f11fd2c0
Event: 6.007 Thread 0x00000214ad34b850 DEOPT UNPACKING pc=0x00000214bc1823a3 sp=0x00000067f11fd288 mode 2

Classes unloaded (0 events):
No events

Classes redefined (0 events):
No events

Internal exceptions (20 events):
Event: 5.523 Thread 0x00000214ad34b850 Exception <a 'java/lang/NoSuchMethodError'{0x00000000893867a0}: 'void java.lang.invoke.DirectMethodHandle$Holder.invokeInterface(java.lang.Object, java.lang.Object, int, java.lang.Object)'> (0x00000000893867a0) 
thrown [s\open\src\hotspot\share\interpreter\linkResolver.cpp, line 759]
Event: 5.525 Thread 0x00000214ad34b850 Exception <a 'java/lang/NoSuchMethodError'{0x00000000893af548}: 'java.lang.Object java.lang.invoke.DirectMethodHandle$Holder.newInvokeSpecial(java.lang.Object, java.lang.Object, int, java.lang.Object)'> (0x00000000893af548) 
thrown [s\open\src\hotspot\share\interpreter\linkResolver.cpp, line 759]
Event: 5.526 Thread 0x00000214ad34b850 Exception <a 'java/lang/NoSuchMethodError'{0x00000000893b3110}: 'java.lang.Object java.lang.invoke.Invokers$Holder.linkToTargetMethod(java.lang.Object, int, java.lang.Object, java.lang.Object)'> (0x00000000893b3110) 
thrown [s\open\src\hotspot\share\interpreter\linkResolver.cpp, line 759]
Event: 5.539 Thread 0x00000214ad34b850 Exception <a 'java/lang/NoSuchMethodError'{0x00000000892619d8}: 'java.lang.Object java.lang.invoke.DirectMethodHandle$Holder.newInvokeSpecial(java.lang.Object, java.lang.Object, int)'> (0x00000000892619d8) 
thrown [s\open\src\hotspot\share\interpreter\linkResolver.cpp, line 759]
Event: 5.539 Thread 0x00000214ad34b850 Exception <a 'java/lang/IncompatibleClassChangeError'{0x00000000892656a0}: Found class java.lang.Object, but interface was expected> (0x00000000892656a0) 
thrown [s\open\src\hotspot\share\interpreter\linkResolver.cpp, line 826]
Event: 5.562 Thread 0x00000214ad34b850 Exception <a 'java/lang/NoSuchMethodError'{0x00000000891c9c78}: 'int java.lang.invoke.DirectMethodHandle$Holder.invokeStatic(java.lang.Object, int, java.lang.Object)'> (0x00000000891c9c78) 
thrown [s\open\src\hotspot\share\interpreter\linkResolver.cpp, line 759]
Event: 5.563 Thread 0x00000214ad34b850 Exception <a 'java/lang/NoSuchMethodError'{0x00000000891eb490}: 'java.lang.Object java.lang.invoke.DirectMethodHandle$Holder.newInvokeSpecial(java.lang.Object, java.lang.Object, java.lang.Object, java.lang.Object, java.lang.Object, int, java.lang.Object)'> (0x00000000891eb490) 
thrown [s\open\src\hotspot\share\interpreter\linkResolver.cpp, line 759]
Event: 5.567 Thread 0x00000214ad34b850 Exception <a 'java/lang/NoSuchMethodError'{0x0000000089025658}: 'java.lang.Object java.lang.invoke.DirectMethodHandle$Holder.newInvokeSpecial(java.lang.Object, java.lang.Object, java.lang.Object, java.lang.Object, java.lang.Object, java.lang.Object, java.lang.Object, java.lang.Object, java.lang.Object, java.lang.Object, java.lang.Object, java.lang.Object)'> (0x0000000089025658) 
thrown [s\open\src\hotspot\share\interpreter\linkResolver.cpp, line 759]
Event: 5.567 Thread 0x00000214ad34b850 Exception <a 'java/lang/NoSuchMethodError'{0x000000008902a0f0}: 'java.lang.Object java.lang.invoke.DirectMethodHandle$Holder.invokeSpecial(java.lang.Object, java.lang.Object, java.lang.Object, java.lang.Object, java.lang.Object, java.lang.Object, java.lang.Object, java.lang.Object, java.lang.Object, java.lang.Object, java.lang.Object, java.lang.Object, java.lang.Object)'> (0x000000008902a0f0) 
thrown [s\open\src\hotspot\share\interpreter\linkResolver.cpp, line 759]
Event: 5.567 Thread 0x00000214ad34b850 Exception <a 'java/lang/NoSuchMethodError'{0x000000008902e808}: 'java.lang.Object java.lang.invoke.Invokers$Holder.linkToTargetMethod(java.lang.Object, java.lang.Object, java.lang.Object, java.lang.Object, java.lang.Object, java.lang.Object, java.lang.Object, java.lang.Object, java.lang.Object, java.lang.Object, java.lang.Object, java.lang.Object)'> (0x000000008902e808) 
thrown [s\open\src\hotspot\share\interpreter\linkResolver.cpp, line 759]
Event: 5.596 Thread 0x00000214ad34b850 Exception <a 'java/lang/NoSuchMethodError'{0x0000000088fe4fc8}: 'java.lang.Object java.lang.invoke.DirectMethodHandle$Holder.newInvokeSpecial(java.lang.Object, java.lang.Object, java.lang.Object, java.lang.Object, java.lang.Object, java.lang.Object)'> (0x0000000088fe4fc8) 
thrown [s\open\src\hotspot\share\interpreter\linkResolver.cpp, line 759]
Event: 5.604 Thread 0x00000214ad34b850 Exception <a 'java/lang/NoSuchMethodError'{0x0000000088e57e10}: 'java.lang.Object java.lang.invoke.DirectMethodHandle$Holder.newInvokeSpecial(java.lang.Object, java.lang.Object, java.lang.Object, java.lang.Object, java.lang.Object, java.lang.Object, java.lang.Object, int)'> (0x0000000088e57e10) 
thrown [s\open\src\hotspot\share\interpreter\linkResolver.cpp, line 759]
Event: 5.604 Thread 0x00000214ad34b850 Exception <a 'java/lang/NoSuchMethodError'{0x0000000088e5ce08}: 'java.lang.Object java.lang.invoke.DirectMethodHandle$Holder.invokeSpecial(java.lang.Object, java.lang.Object, java.lang.Object, java.lang.Object, java.lang.Object, java.lang.Object, java.lang.Object, java.lang.Object, int)'> (0x0000000088e5ce08) 
thrown [s\open\src\hotspot\share\interpreter\linkResolver.cpp, line 759]
Event: 5.604 Thread 0x00000214ad34b850 Exception <a 'java/lang/NoSuchMethodError'{0x0000000088e618d0}: 'java.lang.Object java.lang.invoke.Invokers$Holder.linkToTargetMethod(java.lang.Object, java.lang.Object, java.lang.Object, java.lang.Object, java.lang.Object, java.lang.Object, int, java.lang.Object)'> (0x0000000088e618d0) 
thrown [s\open\src\hotspot\share\interpreter\linkResolver.cpp, line 759]
Event: 5.621 Thread 0x00000214ad34b850 Exception <a 'java/lang/NoSuchMethodError'{0x0000000088d39290}: 'void java.lang.invoke.DirectMethodHandle$Holder.invokeInterface(java.lang.Object, java.lang.Object)'> (0x0000000088d39290) 
thrown [s\open\src\hotspot\share\interpreter\linkResolver.cpp, line 759]
Event: 5.772 Thread 0x00000214ad34b850 Exception <a 'java/lang/IncompatibleClassChangeError'{0x00000000886bc008}: Found class java.lang.Object, but interface was expected> (0x00000000886bc008) 
thrown [s\open\src\hotspot\share\interpreter\linkResolver.cpp, line 826]
Event: 5.786 Thread 0x00000214ad34b850 Exception <a 'java/lang/IncompatibleClassChangeError'{0x0000000088553b50}: Found class java.lang.Object, but interface was expected> (0x0000000088553b50) 
thrown [s\open\src\hotspot\share\interpreter\linkResolver.cpp, line 826]
Event: 5.829 Thread 0x00000214ad34b850 Exception <a 'java/lang/IncompatibleClassChangeError'{0x00000000884c7450}: Found class java.lang.Object, but interface was expected> (0x00000000884c7450) 
thrown [s\open\src\hotspot\share\interpreter\linkResolver.cpp, line 826]
Event: 5.995 Thread 0x00000214ad34b850 Exception <a 'java/lang/IncompatibleClassChangeError'{0x0000000087d657d0}: Found class java.lang.Object, but interface was expected> (0x0000000087d657d0) 
thrown [s\open\src\hotspot\share\interpreter\linkResolver.cpp, line 826]
Event: 6.056 Thread 0x00000214ad34b850 Exception <a 'java/lang/reflect/InvocationTargetException'{0x0000000087bcc5e0}> (0x0000000087bcc5e0) 
thrown [s\open\src\hotspot\share\runtime\reflection.cpp, line 1121]

VM Operations (20 events):
Event: 4.832 Executing VM operation: G1CollectForAllocation
Event: 4.835 Executing VM operation: G1CollectForAllocation done
Event: 5.234 Executing VM operation: G1CollectForAllocation
Event: 5.236 Executing VM operation: G1CollectForAllocation done
Event: 5.455 Executing VM operation: HandshakeAllThreads
Event: 5.455 Executing VM operation: HandshakeAllThreads done
Event: 5.742 Executing VM operation: ICBufferFull
Event: 5.743 Executing VM operation: ICBufferFull done
Event: 5.771 Executing VM operation: HandshakeAllThreads
Event: 5.772 Executing VM operation: HandshakeAllThreads done
Event: 5.864 Executing VM operation: HandshakeAllThreads
Event: 5.864 Executing VM operation: HandshakeAllThreads done
Event: 5.938 Executing VM operation: HandshakeAllThreads
Event: 5.938 Executing VM operation: HandshakeAllThreads done
Event: 5.943 Executing VM operation: HandshakeAllThreads
Event: 5.943 Executing VM operation: HandshakeAllThreads done
Event: 6.008 Executing VM operation: HandshakeAllThreads
Event: 6.008 Executing VM operation: HandshakeAllThreads done
Event: 6.009 Executing VM operation: HandshakeAllThreads
Event: 6.009 Executing VM operation: HandshakeAllThreads done

Events (20 events):
Event: 5.942 Thread 0x00000214cb37f200 flushing nmethod 0x00000214b5473a90
Event: 5.942 Thread 0x00000214cb37f200 flushing nmethod 0x00000214b5476390
Event: 5.942 Thread 0x00000214cb37f200 flushing nmethod 0x00000214b5477710
Event: 5.942 Thread 0x00000214cb37f200 flushing nmethod 0x00000214b5477f90
Event: 5.942 Thread 0x00000214cb37f200 flushing nmethod 0x00000214b5478c90
Event: 5.942 Thread 0x00000214cb37f200 flushing nmethod 0x00000214b5479510
Event: 5.942 Thread 0x00000214cb37f200 flushing nmethod 0x00000214b547ce90
Event: 5.942 Thread 0x00000214cb37f200 flushing nmethod 0x00000214b547d990
Event: 5.942 Thread 0x00000214cb37f200 flushing nmethod 0x00000214b547e510
Event: 5.942 Thread 0x00000214cb37f200 flushing nmethod 0x00000214b5480090
Event: 5.942 Thread 0x00000214cb37f200 flushing nmethod 0x00000214b5480d90
Event: 5.942 Thread 0x00000214cb37f200 flushing nmethod 0x00000214b5483310
Event: 5.942 Thread 0x00000214cb37f200 flushing nmethod 0x00000214b54ad210
Event: 5.943 Thread 0x00000214cb37f200 flushing nmethod 0x00000214b5514b90
Event: 6.004 loading class java/lang/Package$1PackageInfoProxy
Event: 6.004 loading class java/lang/Package$1PackageInfoProxy done
Event: 6.026 loading class java/util/stream/ReduceOps$5
Event: 6.026 loading class java/util/stream/ReduceOps$5 done
Event: 6.026 loading class java/util/stream/ReduceOps$CountingSink$OfRef
Event: 6.026 loading class java/util/stream/ReduceOps$CountingSink$OfRef done


Dynamic libraries:
0x00007ff75e490000 - 0x00007ff75e4a0000 	C:\Program Files\Java\jdk-17\bin\java.exe
0x00007ffa31680000 - 0x00007ffa318e7000 	C:\WINDOWS\SYSTEM32\ntdll.dll
0x00007ffa30650000 - 0x00007ffa30719000 	C:\WINDOWS\System32\KERNEL32.DLL
0x00007ffa2e0e0000 - 0x00007ffa2e4d7000 	C:\WINDOWS\System32\KERNELBASE.dll
0x00007ffa2f2b0000 - 0x00007ffa2f3fb000 	C:\WINDOWS\System32\ucrtbase.dll
0x00007ffa155e0000 - 0x00007ffa155fb000 	C:\Program Files\Java\jdk-17\bin\VCRUNTIME140.dll
0x00007ffa16510000 - 0x00007ffa16529000 	C:\Program Files\Java\jdk-17\bin\jli.dll
0x00007ffa2fa30000 - 0x00007ffa2fae6000 	C:\WINDOWS\System32\ADVAPI32.dll
0x00007ffa30d30000 - 0x00007ffa30dd9000 	C:\WINDOWS\System32\msvcrt.dll
0x00007ffa30090000 - 0x00007ffa30137000 	C:\WINDOWS\System32\sechost.dll
0x00007ffa2f400000 - 0x00007ffa2f518000 	C:\WINDOWS\System32\RPCRT4.dll
0x00007ffa2f830000 - 0x00007ffa2f9f6000 	C:\WINDOWS\System32\USER32.dll
0x00007ffa2e0b0000 - 0x00007ffa2e0d7000 	C:\WINDOWS\System32\win32u.dll
0x00007ffa12cf0000 - 0x00007ffa12f82000 	C:\WINDOWS\WinSxS\amd64_microsoft.windows.common-controls_6595b64144ccf1df_6.0.26100.8457_none_3e0b2faee331e92d\COMCTL32.dll
0x00007ffa30b30000 - 0x00007ffa30b5b000 	C:\WINDOWS\System32\GDI32.dll
0x00007ffa2e590000 - 0x00007ffa2e6bc000 	C:\WINDOWS\System32\gdi32full.dll
0x00007ffa2e6c0000 - 0x00007ffa2e763000 	C:\WINDOWS\System32\msvcp_win.dll
0x00007ffa21ff0000 - 0x00007ffa21ffb000 	C:\WINDOWS\SYSTEM32\VERSION.dll
0x00007ffa30ce0000 - 0x00007ffa30d12000 	C:\WINDOWS\System32\IMM32.DLL
0x00007ffa1ed00000 - 0x00007ffa1ed0c000 	C:\Program Files\Java\jdk-17\bin\vcruntime140_1.dll
0x00007ff9f46d0000 - 0x00007ff9f475e000 	C:\Program Files\Java\jdk-17\bin\msvcp140.dll
0x00007ff9b90c0000 - 0x00007ff9b9ca0000 	C:\Program Files\Java\jdk-17\bin\server\jvm.dll
0x00007ffa30d20000 - 0x00007ffa30d28000 	C:\WINDOWS\System32\PSAPI.DLL
0x00007ffa27ea0000 - 0x00007ffa27eaa000 	C:\WINDOWS\SYSTEM32\WSOCK32.dll
0x00007ffa28550000 - 0x00007ffa28586000 	C:\WINDOWS\SYSTEM32\WINMM.dll
0x00007ffa2f6e0000 - 0x00007ffa2f760000 	C:\WINDOWS\System32\WS2_32.dll
0x00007ffa2ce40000 - 0x00007ffa2ce5b000 	C:\WINDOWS\SYSTEM32\kernel.appcore.dll
0x00007ffa194d0000 - 0x00007ffa194da000 	C:\Program Files\Java\jdk-17\bin\jimage.dll
0x00007ffa28fa0000 - 0x00007ffa291e2000 	C:\WINDOWS\SYSTEM32\DBGHELP.DLL
0x00007ffa30720000 - 0x00007ffa30aa3000 	C:\WINDOWS\System32\combase.dll
0x00007ffa30140000 - 0x00007ffa30219000 	C:\WINDOWS\System32\OLEAUT32.dll
0x00007ffa13c80000 - 0x00007ffa13cbb000 	C:\WINDOWS\SYSTEM32\dbgcore.DLL
0x00007ffa2e4e0000 - 0x00007ffa2e588000 	C:\WINDOWS\System32\bcryptPrimitives.dll
0x00007ffa27c90000 - 0x00007ffa27c9e000 	C:\Program Files\Java\jdk-17\bin\instrument.dll
0x00007ffa14340000 - 0x00007ffa14365000 	C:\Program Files\Java\jdk-17\bin\java.dll
0x00007ff9f0580000 - 0x00007ff9f0657000 	C:\Program Files\Java\jdk-17\bin\jsvml.dll
0x00007ffa30ec0000 - 0x00007ffa3162e000 	C:\WINDOWS\System32\SHELL32.dll
0x00007ffa2e770000 - 0x00007ffa2efdc000 	C:\WINDOWS\System32\windows.storage.dll
0x00007ffa30490000 - 0x00007ffa30586000 	C:\WINDOWS\System32\SHCORE.dll
0x00007ffa2f770000 - 0x00007ffa2f7d6000 	C:\WINDOWS\System32\shlwapi.dll
0x00007ffa2dfd0000 - 0x00007ffa2dff9000 	C:\WINDOWS\SYSTEM32\profapi.dll
0x00007ffa0da70000 - 0x00007ffa0da88000 	C:\Program Files\Java\jdk-17\bin\zip.dll
0x00007ffa143a0000 - 0x00007ffa143b9000 	C:\Program Files\Java\jdk-17\bin\net.dll
0x00007ffa28040000 - 0x00007ffa28169000 	C:\WINDOWS\SYSTEM32\WINHTTP.dll
0x00007ffa2d3b0000 - 0x00007ffa2d41c000 	C:\WINDOWS\system32\mswsock.dll
0x00007ffa0da90000 - 0x00007ffa0daa6000 	C:\Program Files\Java\jdk-17\bin\nio.dll
0x00007ffa19ad0000 - 0x00007ffa19aea000 	C:\Program Files\JetBrains\IntelliJ IDEA Community Edition 2023.2.1\bin\breakgen64.dll
0x00007ffa192b0000 - 0x00007ffa192be000 	C:\Program Files\Java\jdk-17\bin\sunmscapi.dll
0x00007ffa2efe0000 - 0x00007ffa2f158000 	C:\WINDOWS\System32\CRYPT32.dll
0x00007ffa2d8b0000 - 0x00007ffa2d8e0000 	C:\WINDOWS\SYSTEM32\ncrypt.dll
0x00007ffa2d860000 - 0x00007ffa2d89f000 	C:\WINDOWS\SYSTEM32\NTASN1.dll
0x00007ffa2d690000 - 0x00007ffa2d6ab000 	C:\WINDOWS\SYSTEM32\CRYPTSP.dll
0x00007ffa2cda0000 - 0x00007ffa2cdd9000 	C:\WINDOWS\system32\rsaenh.dll
0x00007ffa2d460000 - 0x00007ffa2d493000 	C:\WINDOWS\SYSTEM32\USERENV.dll
0x00007ffa2dfa0000 - 0x00007ffa2dfca000 	C:\WINDOWS\SYSTEM32\bcrypt.dll
0x00007ffa2d6b0000 - 0x00007ffa2d6bc000 	C:\WINDOWS\SYSTEM32\CRYPTBASE.dll
0x00007ffa2c8b0000 - 0x00007ffa2c8e2000 	C:\WINDOWS\SYSTEM32\IPHLPAPI.DLL
0x00007ffa30b70000 - 0x00007ffa30b7a000 	C:\WINDOWS\System32\NSI.dll
0x00007ffa227a0000 - 0x00007ffa227bd000 	C:\WINDOWS\SYSTEM32\dhcpcsvc6.DLL
0x00007ffa22770000 - 0x00007ffa22795000 	C:\WINDOWS\SYSTEM32\dhcpcsvc.DLL
0x00007ffa2c8f0000 - 0x00007ffa2ca22000 	C:\WINDOWS\SYSTEM32\DNSAPI.dll
0x00007ffa19c30000 - 0x00007ffa19c3a000 	C:\Program Files\Java\jdk-17\bin\management.dll
0x00007ffa197d0000 - 0x00007ffa197db000 	C:\Program Files\Java\jdk-17\bin\management_ext.dll
0x00007ffa18e10000 - 0x00007ffa18e20000 	C:\Program Files\Java\jdk-17\bin\verify.dll
0x00007ffa1ce10000 - 0x00007ffa1ce1b000 	C:\Windows\System32\rasadhlp.dll
0x00007ffa24370000 - 0x00007ffa243f6000 	C:\WINDOWS\System32\fwpuclnt.dll

dbghelp: loaded successfully - version: 4.0.5 - missing functions: none
symbol engine: initialized successfully - sym options: 0x614 - pdb path: .;C:\Program Files\Java\jdk-17\bin;C:\WINDOWS\SYSTEM32;C:\WINDOWS\WinSxS\amd64_microsoft.windows.common-controls_6595b64144ccf1df_6.0.26100.8457_none_3e0b2faee331e92d;C:\Program Files\Java\jdk-17\bin\server;C:\Program Files\JetBrains\IntelliJ IDEA Community Edition 2023.2.1\bin

VM Arguments:
jvm_args: -javaagent:C:\Program Files\JetBrains\IntelliJ IDEA Community Edition 2023.2.1\lib\idea_rt.jar=50560:C:\Program Files\JetBrains\IntelliJ IDEA Community Edition 2023.2.1\bin -Dfile.encoding=UTF-8 
java_command: com.example.recommendation_api.RecommendationApiApplication -Dspring.profiles.active=dev -Dtest.swati.value=comingFromContainer
java_class_path (initial): C:\Users\swati\Pipeline\recommendation-api\target\classes;C:\Users\swati\.m2\repository\org\springframework\boot\spring-boot-starter-web\3.2.5\spring-boot-starter-web-3.2.5.jar;C:\Users\swati\.m2\repository\org\springframework\boot\spring-boot-starter\3.2.5\spring-boot-starter-3.2.5.jar;C:\Users\swati\.m2\repository\org\springframework\boot\spring-boot\3.2.5\spring-boot-3.2.5.jar;C:\Users\swati\.m2\repository\org\springframework\boot\spring-boot-autoconfigure\3.2.5\spring-boot-autoconfigure-3.2.5.jar;C:\Users\swati\.m2\repository\org\springframework\boot\spring-boot-starter-logging\3.2.5\spring-boot-starter-logging-3.2.5.jar;C:\Users\swati\.m2\repository\ch\qos\logback\logback-classic\1.4.14\logback-classic-1.4.14.jar;C:\Users\swati\.m2\repository\ch\qos\logback\logback-core\1.4.14\logback-core-1.4.14.jar;C:\Users\swati\.m2\repository\org\apache\logging\log4j\log4j-to-slf4j\2.21.1\log4j-to-slf4j-2.21.1.jar;C:\Users\swati\.m2\repository\org\apache\logging\log4j\log4j-api\2.21.1\log4j-api-2.21.1.jar;C:\Users\swati\.m2\repository\org\slf4j\jul-to-slf4j\2.0.13\jul-to-slf4j-2.0.13.jar;C:\Users\swati\.m2\repository\jakarta\annotation\jakarta.annotation-api\2.1.1\jakarta.annotation-api-2.1.1.jar;C:\Users\swati\.m2\repository\org\yaml\snakeyaml\2.2\snakeyaml-2.2.jar;C:\Users\swati\.m2\repository\org\springframework\boot\spring-boot-starter-json\3.2.5\spring-boot-starter-json-3.2.5.jar;C:\Users\swati\.m2\repository\com\fasterxml\jackson\core\jackson-databind\2.15.4\jackson-databind-2.15.4.jar;C:\Users\swati\.m2\repository\com\fasterxml\jackson\core\jackson-annotations\2.15.4\jackson-annotations-2.15.4.jar;C:\Users\swati\.m2\repository\com\fasterxml\jackson\core\jackson-core\2.15.4\jackson-core-2.15.4.jar;C:\Users\swati\.m2\repository\com\fasterxml\jackson\datatype\jackson-datatype-jdk8\2.15.4\jackson-datatype-jdk8-2.15.4.jar;C:\Users\swati\.m2\repository\com\fasterxml\jackson\datatype\jackson-datatype-jsr310\2.15.4\jackson-datatype-jsr310-2.15.4.
Launcher Type: SUN_STANDARD

[Global flags]
     intx CICompilerCount                          = 4                                         {product} {ergonomic}
     uint ConcGCThreads                            = 2                                         {product} {ergonomic}
     uint G1ConcRefinementThreads                  = 8                                         {product} {ergonomic}
   size_t G1HeapRegionSize                         = 1048576                                   {product} {ergonomic}
    uintx GCDrainStackTargetSize                   = 64                                        {product} {ergonomic}
   size_t InitialHeapSize                          = 132120576                                 {product} {ergonomic}
   size_t MarkStackSize                            = 4194304                                   {product} {ergonomic}
   size_t MaxHeapSize                              = 2082471936                                {product} {ergonomic}
   size_t MaxNewSize                               = 1248854016                                {product} {ergonomic}
   size_t MinHeapDeltaBytes                        = 1048576                                   {product} {ergonomic}
   size_t MinHeapSize                              = 8388608                                   {product} {ergonomic}
    uintx NonNMethodCodeHeapSize                   = 5839372                                {pd product} {ergonomic}
    uintx NonProfiledCodeHeapSize                  = 122909434                              {pd product} {ergonomic}
    uintx ProfiledCodeHeapSize                     = 122909434                              {pd product} {ergonomic}
    uintx ReservedCodeCacheSize                    = 251658240                              {pd product} {ergonomic}
     bool SegmentedCodeCache                       = true                                      {product} {ergonomic}
   size_t SoftMaxHeapSize                          = 2082471936                             {manageable} {ergonomic}
     bool UseCompressedClassPointers               = true                           {product lp64_product} {ergonomic}
     bool UseCompressedOops                        = true                           {product lp64_product} {ergonomic}
     bool UseG1GC                                  = true                                      {product} {ergonomic}
     bool UseLargePagesIndividualAllocation        = false                                  {pd product} {ergonomic}

Logging:
Log output configuration:
 #0: stdout all=warning uptime,level,tags
 #1: stderr all=off uptime,level,tags

Environment Variables:
JAVA_HOME=C:\Program Files\Java\jdk-17
PATH=C:\Program Files\nodejs\;C:\Program Files\Common Files\Oracle\Java\javapath;C:\Program Files\Java\jdk-17\bin;C:\Program Files\apache-maven-3.9.11\bin;C:\Program Files\Git\cmd;C:\Program Files\Java\jdk-17\bin;C:\Users\swati\AppData\Local\Programs\Python\Python37-32\Scripts\;C:\Users\swati\AppData\Local\Programs\Python\Python37-32\;C:\Users\swati\AppData\Local\Microsoft\WindowsApps;C:\Program Files\JetBrains\PyCharm Community Edition 2020.2\bin;;C:\Program Files\Java\jdk1.8.0_111\bin;C:\Users\swati\Desktop\IntelliJ IDEA 2023.2.1\bin;;C:\Program Files\JetBrains\IntelliJ IDEA Community Edition 2023.2.1\bin;;C:\Users\swati\AppData\Local\Programs\Microsoft VS Code\bin;C:\Users\swati\AppData\Roaming\npm
USERNAME=SwatiKasinaDOLLY
OS=Windows_NT
PROCESSOR_IDENTIFIER=Intel64 Family 6 Model 142 Stepping 12, GenuineIntel



---------------  S Y S T E M  ---------------

OS:
 Windows 11 , 64 bit Build 26100 (10.0.26100.8328)
OS uptime: 0 days 14:57 hours
Hyper-V role detected

CPU: total 8 (initial active 8) (4 cores per cpu, 2 threads per core) family 6 model 142 stepping 12 microcode 0xea, cx8, cmov, fxsr, ht, mmx, 3dnowpref, sse, sse2, sse3, ssse3, sse4.1, sse4.2, popcnt, lzcnt, tsc, tscinvbit, avx, avx2, aes, erms, clmul, bmi1, bmi2, adx, fma, vzeroupper, clflush, clflushopt, hv

Memory: 4k page, system-wide physical 7937M (648M free)
TotalPageFile size 13752M (AvailPageFile size 5M)
current process WorkingSet (physical memory assigned to process): 268M, peak: 268M
current process commit charge ("private bytes"): 324M, peak: 325M

vm_info: Java HotSpot(TM) 64-Bit Server VM (17.0.12+8-LTS-286) for windows-amd64 JRE (17.0.12+8-LTS-286), built on Jun  5 2024 06:46:59 by "mach5one" with MS VC++ 17.6 (VS2022)

END.
